[     315ms] [INFO] %cDownload the React DevTools for a better development experience: https://react.dev/link/react-devtools font-weight:bold @ http://localhost:3000/_next/static/chunks/0at5_next_dist_0_3v3tq._.js:2477
[     446ms] [LOG] [HMR] connected @ http://localhost:3000/_next/static/chunks/0at5_next_dist_0_3v3tq._.js:2477
[     606ms] [LOG] [Fast Refresh] rebuilding @ http://localhost:3000/_next/static/chunks/0at5_next_dist_0_3v3tq._.js:2477
[     690ms] [LOG] [Fast Refresh] done in 190ms @ http://localhost:3000/_next/static/chunks/0at5_next_dist_0_3v3tq._.js:2477
[  488001ms] [LOG] [Fast Refresh] rebuilding @ http://localhost:3000/_next/static/chunks/0at5_next_dist_0_3v3tq._.js:2477
[  488017ms] [LOG] [Fast Refresh] done in 123ms @ http://localhost:3000/_next/static/chunks/0at5_next_dist_0_3v3tq._.js:2477
[  539466ms] [LOG] [Fast Refresh] rebuilding @ http://localhost:3000/_next/static/chunks/0at5_next_dist_0_3v3tq._.js:2477
[  539575ms] [LOG] [Fast Refresh] done in 197ms @ http://localhost:3000/_next/static/chunks/0at5_next_dist_0_3v3tq._.js:2477
[  633845ms] [LOG] [Fast Refresh] rebuilding @ http://localhost:3000/_next/static/chunks/0at5_next_dist_0_3v3tq._.js:2477
[  633867ms] [LOG] [Fast Refresh] done in 129ms @ http://localhost:3000/_next/static/chunks/0at5_next_dist_0_3v3tq._.js:2477
[  649325ms] [LOG] [Fast Refresh] rebuilding @ http://localhost:3000/_next/static/chunks/0at5_next_dist_0_3v3tq._.js:2477
[  649493ms] [LOG] [Fast Refresh] done in 271ms @ http://localhost:3000/_next/static/chunks/0at5_next_dist_0_3v3tq._.js:2477
[  929778ms] [LOG] [Fast Refresh] rebuilding @ http://localhost:3000/_next/static/chunks/0at5_next_dist_0_3v3tq._.js:2477
[  929879ms] [LOG] [Fast Refresh] done in 207ms @ http://localhost:3000/_next/static/chunks/0at5_next_dist_0_3v3tq._.js:2477
[ 1533539ms] [LOG] [Fast Refresh] rebuilding @ http://localhost:3000/_next/static/chunks/0at5_next_dist_0_3v3tq._.js:2477
[ 1533740ms] [LOG] [Fast Refresh] done in 295ms @ http://localhost:3000/_next/static/chunks/0at5_next_dist_0_3v3tq._.js:2477
[ 1541431ms] [LOG] [Fast Refresh] rebuilding @ http://localhost:3000/_next/static/chunks/0at5_next_dist_0_3v3tq._.js:2477
[ 1541466ms] [LOG] [Fast Refresh] done in 114ms @ http://localhost:3000/_next/static/chunks/0at5_next_dist_0_3v3tq._.js:2477
[ 1541747ms] [LOG] [Fast Refresh] rebuilding @ http://localhost:3000/_next/static/chunks/0at5_next_dist_0_3v3tq._.js:2477
[ 1541769ms] [LOG] [Fast Refresh] done in 123ms @ http://localhost:3000/_next/static/chunks/0at5_next_dist_0_3v3tq._.js:2477
[ 1558235ms] [LOG] [Fast Refresh] rebuilding @ http://localhost:3000/_next/static/chunks/0at5_next_dist_0_3v3tq._.js:2477
[ 1559086ms] [LOG] [Fast Refresh] done in 951ms @ http://localhost:3000/_next/static/chunks/0at5_next_dist_0_3v3tq._.js:2477
[ 1559202ms] [LOG] [Fast Refresh] rebuilding @ http://localhost:3000/_next/static/chunks/0at5_next_dist_0_3v3tq._.js:2477
[ 1559667ms] [LOG] [Fast Refresh] done in 566ms @ http://localhost:3000/_next/static/chunks/0at5_next_dist_0_3v3tq._.js:2477
[ 1559788ms] [LOG] [Fast Refresh] rebuilding @ http://localhost:3000/_next/static/chunks/0at5_next_dist_0_3v3tq._.js:2477
[ 1559917ms] [LOG] [Fast Refresh] done in 231ms @ http://localhost:3000/_next/static/chunks/0at5_next_dist_0_3v3tq._.js:2477
